{
  "version": "1.5.0",
  "plugins_used": [
    {
      "name": "ArtifactoryDetector"
    },
    {
      "name": "AWSKeyDetector"
    },
    {
      "name": "AzureStorageKeyDetector"
    },
    {
      "name": "Base64HighEntropyString",
      "limit": 4.5
    },
    {
      "name": "BasicAuthDetector"
    },
    {
      "name": "CloudantDetector"
    },
    {
      "name": "DiscordBotTokenDetector"
    },
    {
      "name": "GitHubTokenDetector"
    },
    {
      "name": "GitLabTokenDetector"
    },
    {
      "name": "HexHighEntropyString",
      "limit": 3.0
    },
    {
      "name": "IbmCloudIamDetector"
    },
    {
      "name": "IbmCosHmacDetector"
    },
    {
      "name": "IPPublicDetector"
    },
    {
      "name": "JwtTokenDetector"
    },
    {
      "name": "KeywordDetector",
      "keyword_exclude": ""
    },
    {
      "name": "MailchimpDetector"
    },
    {
      "name": "NpmDetector"
    },
    {
      "name": "OpenAIDetector"
    },
    {
      "name": "PrivateKeyDetector"
    },
    {
      "name": "PypiTokenDetector"
    },
    {
      "name": "SendGridDetector"
    },
    {
      "name": "SlackDetector"
    },
    {
      "name": "SoftlayerDetector"
    },
    {
      "name": "SquareOAuthDetector"
    },
    {
      "name": "StripeDetector"
    },
    {
      "name": "TelegramBotTokenDetector"
    },
    {
      "name": "TwilioKeyDetector"
    }
  ],
  "filters_used": [
    {
      "path": "detect_secrets.filters.allowlist.is_line_allowlisted"
    },
    {
      "path": "detect_secrets.filters.common.is_baseline_file",
      "filename": ".secrets.baseline"
    },
    {
      "path": "detect_secrets.filters.common.is_ignored_due_to_verification_policies",
      "min_level": 2
    },
    {
      "path": "detect_secrets.filters.heuristic.is_indirect_reference"
    },
    {
      "path": "detect_secrets.filters.heuristic.is_likely_id_string"
    },
    {
      "path": "detect_secrets.filters.heuristic.is_lock_file"
    },
    {
      "path": "detect_secrets.filters.heuristic.is_not_alphanumeric_string"
    },
    {
      "path": "detect_secrets.filters.heuristic.is_potential_uuid"
    },
    {
      "path": "detect_secrets.filters.heuristic.is_prefixed_with_dollar_sign"
    },
    {
      "path": "detect_secrets.filters.heuristic.is_sequential_string"
    },
    {
      "path": "detect_secrets.filters.heuristic.is_swagger_file"
    },
    {
      "path": "detect_secrets.filters.heuristic.is_templated_secret"
    }
  ],
  "results": {
    "docs/capabilities/maturity.json": [
      {
        "type": "Hex High Entropy String",
        "filename": "docs/capabilities/maturity.json",
        "hashed_secret": "99c5bdb5c2a9cc45a03fc3704295edddd6ffbd9e",
        "is_verified": false,
        "line_number": 31
      },
      {
        "type": "Hex High Entropy String",
        "filename": "docs/capabilities/maturity.json",
        "hashed_secret": "f1c29b77c06f7dc0ef6eeef98dd4700415c890cb",
        "is_verified": false,
        "line_number": 35
      },
      {
        "type": "Hex High Entropy String",
        "filename": "docs/capabilities/maturity.json",
        "hashed_secret": "8639e0f9c6411ba5e727ac0d82d7e616595ec640",
        "is_verified": false,
        "line_number": 95
      },
      {
        "type": "Hex High Entropy String",
        "filename": "docs/capabilities/maturity.json",
        "hashed_secret": "27afaef04bb7654917494770c16e803f58c58497",
        "is_verified": false,
        "line_number": 99
      },
      {
        "type": "Hex High Entropy String",
        "filename": "docs/capabilities/maturity.json",
        "hashed_secret": "66642abef7625be172d682cf8000408e76ca3328",
        "is_verified": false,
        "line_number": 360
      },
      {
        "type": "Hex High Entropy String",
        "filename": "docs/capabilities/maturity.json",
        "hashed_secret": "ff192565243b12204075c39e1758a7abd07f12c3",
        "is_verified": false,
        "line_number": 428
      },
      {
        "type": "Hex High Entropy String",
        "filename": "docs/capabilities/maturity.json",
        "hashed_secret": "b7fd5789ea5ecabd179abb6797a1fb25a3efbc65",
        "is_verified": false,
        "line_number": 483
      },
      {
        "type": "Hex High Entropy String",
        "filename": "docs/capabilities/maturity.json",
        "hashed_secret": "9b8e25ae61e9f2df0b742e9105d8d1b44460e920",
        "is_verified": false,
        "line_number": 487
      },
      {
        "type": "Hex High Entropy String",
        "filename": "docs/capabilities/maturity.json",
        "hashed_secret": "55c68516df15eb5525baabd7a654520c9669afbf",
        "is_verified": false,
        "line_number": 534
      },
      {
        "type": "Hex High Entropy String",
        "filename": "docs/capabilities/maturity.json",
        "hashed_secret": "6da20b9a45d14f3db3448e1fd400ed86a36d882c",
        "is_verified": false,
        "line_number": 613
      },
      {
        "type": "Hex High Entropy String",
        "filename": "docs/capabilities/maturity.json",
        "hashed_secret": "4308f1c1ae2adf40c5e8f54dd5bcf3804412d8c1",
        "is_verified": false,
        "line_number": 646
      },
      {
        "type": "Hex High Entropy String",
        "filename": "docs/capabilities/maturity.json",
        "hashed_secret": "8e8b388a9f46f81c1e26ffb0df632f5dbf68ff95",
        "is_verified": false,
        "line_number": 731
      },
      {
        "type": "Hex High Entropy String",
        "filename": "docs/capabilities/maturity.json",
        "hashed_secret": "c2f667fadaabd87e7d6b7888a46c413fd1b596e8",
        "is_verified": false,
        "line_number": 810
      },
      {
        "type": "Hex High Entropy String",
        "filename": "docs/capabilities/maturity.json",
        "hashed_secret": "5dea1ae709e3f56781fa24839b15adc060e606a2",
        "is_verified": false,
        "line_number": 853
      },
      {
        "type": "Hex High Entropy String",
        "filename": "docs/capabilities/maturity.json",
        "hashed_secret": "a7ad7350e8e9f11ed8913b6b8784056f66883061",
        "is_verified": false,
        "line_number": 886
      },
      {
        "type": "Hex High Entropy String",
        "filename": "docs/capabilities/maturity.json",
        "hashed_secret": "8b7c69ccf0c1c8f30fa076679d5b4dfcaef48ff7",
        "is_verified": false,
        "line_number": 955
      },
      {
        "type": "Hex High Entropy String",
        "filename": "docs/capabilities/maturity.json",
        "hashed_secret": "23bf52edb12a9707ee286a87f83f65e906463e9b",
        "is_verified": false,
        "line_number": 1082
      },
      {
        "type": "Hex High Entropy String",
        "filename": "docs/capabilities/maturity.json",
        "hashed_secret": "0f04ea3844cb3b4642c1e6af40d13d1f1ccdecdf",
        "is_verified": false,
        "line_number": 1086
      },
      {
        "type": "Hex High Entropy String",
        "filename": "docs/capabilities/maturity.json",
        "hashed_secret": "f25ded1e28a87a0e76c79efe44101ae8770e6bac",
        "is_verified": false,
        "line_number": 1123
      },
      {
        "type": "Hex High Entropy String",
        "filename": "docs/capabilities/maturity.json",
        "hashed_secret": "abf1f5c3c907da8b40da4be15f8fb8b9319e19a0",
        "is_verified": false,
        "line_number": 1210
      },
      {
        "type": "Hex High Entropy String",
        "filename": "docs/capabilities/maturity.json",
        "hashed_secret": "a8bfd053600c5b8dfda06316017b69a3ec8d7f2b",
        "is_verified": false,
        "line_number": 1292
      },
      {
        "type": "Hex High Entropy String",
        "filename": "docs/capabilities/maturity.json",
        "hashed_secret": "85b6aef4a904d0416b16c772c924e7bc3e573e55",
        "is_verified": false,
        "line_number": 1296
      },
      {
        "type": "Hex High Entropy String",
        "filename": "docs/capabilities/maturity.json",
        "hashed_secret": "fc862c34ebb36f68871946db018550dec985a304",
        "is_verified": false,
        "line_number": 1400
      },
      {
        "type": "Hex High Entropy String",
        "filename": "docs/capabilities/maturity.json",
        "hashed_secret": "05fc4509f4358dcaa7b7d2886152f3cddaf87a43",
        "is_verified": false,
        "line_number": 1584
      },
      {
        "type": "Hex High Entropy String",
        "filename": "docs/capabilities/maturity.json",
        "hashed_secret": "d31bf7676c6229d0baec926d6a511d6804dd9210",
        "is_verified": false,
        "line_number": 1619
      },
      {
        "type": "Hex High Entropy String",
        "filename": "docs/capabilities/maturity.json",
        "hashed_secret": "bcbe7a79630cb4405c07562768a351c1b6520346",
        "is_verified": false,
        "line_number": 2007
      },
      {
        "type": "Hex High Entropy String",
        "filename": "docs/capabilities/maturity.json",
        "hashed_secret": "40aca5c1d6ff3f0363ac86751b76581cc7005696",
        "is_verified": false,
        "line_number": 2011
      },
      {
        "type": "Hex High Entropy String",
        "filename": "docs/capabilities/maturity.json",
        "hashed_secret": "ebb056f6c67e65f9186359bd39c56edf62d54fd6",
        "is_verified": false,
        "line_number": 2144
      },
      {
        "type": "Hex High Entropy String",
        "filename": "docs/capabilities/maturity.json",
        "hashed_secret": "3c5ef34115619727486a40aed2f19132487ca586",
        "is_verified": false,
        "line_number": 2148
      },
      {
        "type": "Hex High Entropy String",
        "filename": "docs/capabilities/maturity.json",
        "hashed_secret": "703b9ab04ae6b32d9807db43de4ee8a0f9efb3a0",
        "is_verified": false,
        "line_number": 2335
      },
      {
        "type": "Hex High Entropy String",
        "filename": "docs/capabilities/maturity.json",
        "hashed_secret": "f4b6d276c38dddae58b89b15c66171ef3f5e3830",
        "is_verified": false,
        "line_number": 2407
      },
      {
        "type": "Hex High Entropy String",
        "filename": "docs/capabilities/maturity.json",
        "hashed_secret": "8b3847b6c6fca00d20ad8dcb2a30923fab4cdddf",
        "is_verified": false,
        "line_number": 2411
      },
      {
        "type": "Hex High Entropy String",
        "filename": "docs/capabilities/maturity.json",
        "hashed_secret": "b573275703cd041301daf5875b9e220d09f77ae1",
        "is_verified": false,
        "line_number": 2508
      },
      {
        "type": "Hex High Entropy String",
        "filename": "docs/capabilities/maturity.json",
        "hashed_secret": "cc231c33bfd51aac9585d05fb201c36a46ce6de1",
        "is_verified": false,
        "line_number": 2616
      },
      {
        "type": "Hex High Entropy String",
        "filename": "docs/capabilities/maturity.json",
        "hashed_secret": "44c24ea911b987004b88a6df1178204030761715",
        "is_verified": false,
        "line_number": 2809
      },
      {
        "type": "Hex High Entropy String",
        "filename": "docs/capabilities/maturity.json",
        "hashed_secret": "3f8f16c16def97fab156fa1d52f6e20644449a52",
        "is_verified": false,
        "line_number": 2909
      },
      {
        "type": "Hex High Entropy String",
        "filename": "docs/capabilities/maturity.json",
        "hashed_secret": "b5a152b858d3c2de955b19fd9db12b557b74db5a",
        "is_verified": false,
        "line_number": 2913
      },
      {
        "type": "Hex High Entropy String",
        "filename": "docs/capabilities/maturity.json",
        "hashed_secret": "a46d5c1e8867c6e20cbe650695c972b048766758",
        "is_verified": false,
        "line_number": 3143
      },
      {
        "type": "Hex High Entropy String",
        "filename": "docs/capabilities/maturity.json",
        "hashed_secret": "4f1b44ae1033687d8d6111f612e48e8a94139dd9",
        "is_verified": false,
        "line_number": 3147
      },
      {
        "type": "Hex High Entropy String",
        "filename": "docs/capabilities/maturity.json",
        "hashed_secret": "9d73f267197f78ad2b91d38f5c324a1a3e2ad431",
        "is_verified": false,
        "line_number": 3373
      },
      {
        "type": "Hex High Entropy String",
        "filename": "docs/capabilities/maturity.json",
        "hashed_secret": "a5c9a77f769e936025f8aaf910a70a62b6fe96de",
        "is_verified": false,
        "line_number": 3510
      },
      {
        "type": "Hex High Entropy String",
        "filename": "docs/capabilities/maturity.json",
        "hashed_secret": "4d913f7a8d05f5e77d32517bd1e5fe0772baacdf",
        "is_verified": false,
        "line_number": 3909
      },
      {
        "type": "Hex High Entropy String",
        "filename": "docs/capabilities/maturity.json",
        "hashed_secret": "be913a2d3924dbdc1a77149c1dddeef865112dc7",
        "is_verified": false,
        "line_number": 4266
      },
      {
        "type": "Hex High Entropy String",
        "filename": "docs/capabilities/maturity.json",
        "hashed_secret": "398d418c79fa60ee1050a4bce45e1a6e0010dabb",
        "is_verified": false,
        "line_number": 4388
      }
    ],
    "justfile": [
      {
        "type": "Secret Keyword",
        "filename": "justfile",
        "hashed_secret": "6727ff467b96aa57726d82de0f99a467149a0a74",
        "is_verified": false,
        "line_number": 33
      }
    ],
    "tests/app/test_cli.py": [
      {
        "type": "Secret Keyword",
        "filename": "tests/app/test_cli.py",
        "hashed_secret": "366a1ac793a27be59bff9f0f553125eb4cd591e6",
        "is_verified": false,
        "line_number": 43
      },
      {
        "type": "Secret Keyword",
        "filename": "tests/app/test_cli.py",
        "hashed_secret": "3dc927d80543dc0f643940b70d066bd4b4c4b78e",
        "is_verified": false,
        "line_number": 81
      }
    ],
    "tests/app/test_cli_e2e.py": [
      {
        "type": "Secret Keyword",
        "filename": "tests/app/test_cli_e2e.py",
        "hashed_secret": "6367c48dd193d56ea7b0baad25b19455e529f5ee",
        "is_verified": false,
        "line_number": 220
      }
    ],
    "tests/conftest.py": [
      {
        "type": "Secret Keyword",
        "filename": "tests/conftest.py",
        "hashed_secret": "6367c48dd193d56ea7b0baad25b19455e529f5ee",
        "is_verified": false,
        "line_number": 474
      }
    ],
    "tests/fixtures/live/vocabulary/enums-v10r3-p8-8247-22l.json": [
      {
        "type": "Base64 High Entropy String",
        "filename": "tests/fixtures/live/vocabulary/enums-v10r3-p8-8247-22l.json",
        "hashed_secret": "58088517d3154c9d30f453031be907bcbc9b26ec",
        "is_verified": false,
        "line_number": 1034
      }
    ],
    "tests/fixtures/live/vocabulary/enums-v10r3-p9.json": [
      {
        "type": "Base64 High Entropy String",
        "filename": "tests/fixtures/live/vocabulary/enums-v10r3-p9.json",
        "hashed_secret": "58088517d3154c9d30f453031be907bcbc9b26ec",
        "is_verified": false,
        "line_number": 1034
      }
    ],
    "tests/fixtures/live/vocabulary/enums-v11r2-p10-9028-21b.json": [
      {
        "type": "Base64 High Entropy String",
        "filename": "tests/fixtures/live/vocabulary/enums-v11r2-p10-9028-21b.json",
        "hashed_secret": "58088517d3154c9d30f453031be907bcbc9b26ec",
        "is_verified": false,
        "line_number": 1044
      }
    ],
    "tests/fixtures/live/vocabulary/enums-v11r2-p10-9043-mrx.json": [
      {
        "type": "Base64 High Entropy String",
        "filename": "tests/fixtures/live/vocabulary/enums-v11r2-p10-9043-mrx.json",
        "hashed_secret": "58088517d3154c9d30f453031be907bcbc9b26ec",
        "is_verified": false,
        "line_number": 1044
      }
    ],
    "tests/fixtures/live/vocabulary/enums-v11r2-p10-9080-hex.json": [
      {
        "type": "Base64 High Entropy String",
        "filename": "tests/fixtures/live/vocabulary/enums-v11r2-p10-9080-hex.json",
        "hashed_secret": "58088517d3154c9d30f453031be907bcbc9b26ec",
        "is_verified": false,
        "line_number": 1044
      }
    ],
    "tests/fixtures/live/vocabulary/enums-v11r2-p11-9242-21b.json": [
      {
        "type": "Base64 High Entropy String",
        "filename": "tests/fixtures/live/vocabulary/enums-v11r2-p11-9242-21b.json",
        "hashed_secret": "58088517d3154c9d30f453031be907bcbc9b26ec",
        "is_verified": false,
        "line_number": 1044
      }
    ],
    "tests/fixtures/live/vocabulary/enums-v11r2-p11-9824-42a.json": [
      {
        "type": "Base64 High Entropy String",
        "filename": "tests/fixtures/live/vocabulary/enums-v11r2-p11-9824-42a.json",
        "hashed_secret": "58088517d3154c9d30f453031be907bcbc9b26ec",
        "is_verified": false,
        "line_number": 1044
      }
    ],
    "tests/fixtures/live/vocabulary/enums-v11r2-p9-9009-42a.json": [
      {
        "type": "Base64 High Entropy String",
        "filename": "tests/fixtures/live/vocabulary/enums-v11r2-p9-9009-42a.json",
        "hashed_secret": "58088517d3154c9d30f453031be907bcbc9b26ec",
        "is_verified": false,
        "line_number": 1044
      }
    ],
    "tests/unit/test_client.py": [
      {
        "type": "Secret Keyword",
        "filename": "tests/unit/test_client.py",
        "hashed_secret": "6367c48dd193d56ea7b0baad25b19455e529f5ee",
        "is_verified": false,
        "line_number": 505
      }
    ],
    "tests/unit/test_ssh.py": [
      {
        "type": "Secret Keyword",
        "filename": "tests/unit/test_ssh.py",
        "hashed_secret": "6367c48dd193d56ea7b0baad25b19455e529f5ee",
        "is_verified": false,
        "line_number": 218
      }
    ]
  },
  "generated_at": "2026-10-07T02:48:34Z"
}
